------------------------------------------------------------
Timing Analyzer Summary
------------------------------------------------------------

Type  : Slow 1200mV 85C Model Setup 'SET_BINARY_COST[0]'
Slack : -9.532
TNS   : -91.279

Type  : Slow 1200mV 85C Model Setup 'add_five'
Slack : -2.465
TNS   : -56.368

Type  : Slow 1200mV 85C Model Setup 'add_ten'
Slack : -1.898
TNS   : -29.551

Type  : Slow 1200mV 85C Model Hold 'SET_BINARY_COST[0]'
Slack : -0.224
TNS   : -0.338

Type  : Slow 1200mV 85C Model Hold 'add_ten'
Slack : 0.371
TNS   : 0.000

Type  : Slow 1200mV 85C Model Hold 'add_five'
Slack : 0.399
TNS   : 0.000

Type  : Slow 1200mV 85C Model Minimum Pulse Width 'SET_BINARY_COST[0]'
Slack : -3.008
TNS   : -269.866

Type  : Slow 1200mV 85C Model Minimum Pulse Width 'add_five'
Slack : -3.000
TNS   : -49.436

Type  : Slow 1200mV 85C Model Minimum Pulse Width 'add_ten'
Slack : -3.000
TNS   : -35.994

Type  : Slow 1200mV 0C Model Setup 'SET_BINARY_COST[0]'
Slack : -8.515
TNS   : -81.809

Type  : Slow 1200mV 0C Model Setup 'add_five'
Slack : -2.169
TNS   : -47.559

Type  : Slow 1200mV 0C Model Setup 'add_ten'
Slack : -1.674
TNS   : -24.762

Type  : Slow 1200mV 0C Model Hold 'SET_BINARY_COST[0]'
Slack : -0.114
TNS   : -0.117

Type  : Slow 1200mV 0C Model Hold 'add_ten'
Slack : 0.337
TNS   : 0.000

Type  : Slow 1200mV 0C Model Hold 'add_five'
Slack : 0.368
TNS   : 0.000

Type  : Slow 1200mV 0C Model Minimum Pulse Width 'SET_BINARY_COST[0]'
Slack : -3.000
TNS   : -239.537

Type  : Slow 1200mV 0C Model Minimum Pulse Width 'add_five'
Slack : -3.000
TNS   : -49.436

Type  : Slow 1200mV 0C Model Minimum Pulse Width 'add_ten'
Slack : -3.000
TNS   : -35.994

Type  : Fast 1200mV 0C Model Setup 'SET_BINARY_COST[0]'
Slack : -4.918
TNS   : -46.260

Type  : Fast 1200mV 0C Model Setup 'add_five'
Slack : -0.627
TNS   : -8.684

Type  : Fast 1200mV 0C Model Setup 'add_ten'
Slack : -0.334
TNS   : -2.619

Type  : Fast 1200mV 0C Model Hold 'SET_BINARY_COST[0]'
Slack : -0.258
TNS   : -1.172

Type  : Fast 1200mV 0C Model Hold 'add_ten'
Slack : 0.169
TNS   : 0.000

Type  : Fast 1200mV 0C Model Hold 'add_five'
Slack : 0.183
TNS   : 0.000

Type  : Fast 1200mV 0C Model Minimum Pulse Width 'SET_BINARY_COST[0]'
Slack : -3.000
TNS   : -102.778

Type  : Fast 1200mV 0C Model Minimum Pulse Width 'add_five'
Slack : -3.000
TNS   : -44.637

Type  : Fast 1200mV 0C Model Minimum Pulse Width 'add_ten'
Slack : -3.000
TNS   : -32.899

------------------------------------------------------------
